FAILED: SemanticException Line 0:-1 Expression not in GROUP BY key 'value'
